###############################################################################
#                                                                             #
# IAR ELF Linker V6.70.1.5641/W32 for ARM               30/Jul/2014  09:29:43 #
# Copyright 2007-2013 IAR Systems AB.                                         #
#                                                                             #
#    Output file  =  D:\GitHub\Project_2121034\Debug\Exe\STM32.out            #
#    Map file     =  D:\GitHub\Project_2121034\Debug\List\STM32.map           #
#    Command line =  D:\GitHub\Project_2121034\Debug\Obj\Display_sub.o        #
#                    D:\GitHub\Project_2121034\Debug\Obj\EngineeringMode1_2.o #
#                     D:\GitHub\Project_2121034\Debug\Obj\EngineeringMode3_4. #
#                    o D:\GitHub\Project_2121034\Debug\Obj\Function.o         #
#                    D:\GitHub\Project_2121034\Debug\Obj\HrcSportMode.o       #
#                    D:\GitHub\Project_2121034\Debug\Obj\I2c.o                #
#                    D:\GitHub\Project_2121034\Debug\Obj\Incline.o            #
#                    D:\GitHub\Project_2121034\Debug\Obj\main.o               #
#                    D:\GitHub\Project_2121034\Debug\Obj\ManualSportMode.o    #
#                    D:\GitHub\Project_2121034\Debug\Obj\Message.o            #
#                    D:\GitHub\Project_2121034\Debug\Obj\ProgSetMode.o        #
#                    D:\GitHub\Project_2121034\Debug\Obj\ProgSportMode.o      #
#                    D:\GitHub\Project_2121034\Debug\Obj\Pulse.o              #
#                    D:\GitHub\Project_2121034\Debug\Obj\RAM.o                #
#                    D:\GitHub\Project_2121034\Debug\Obj\ScanKey.o            #
#                    D:\GitHub\Project_2121034\Debug\Obj\seven_tab.o          #
#                    D:\GitHub\Project_2121034\Debug\Obj\SpeedDetection.o     #
#                    D:\GitHub\Project_2121034\Debug\Obj\startup_stm32f0xx.o  #
#                    D:\GitHub\Project_2121034\Debug\Obj\stm32f0xx_adc.o      #
#                    D:\GitHub\Project_2121034\Debug\Obj\stm32f0xx_exti.o     #
#                    D:\GitHub\Project_2121034\Debug\Obj\stm32f0xx_gpio.o     #
#                    D:\GitHub\Project_2121034\Debug\Obj\stm32f0xx_it.o       #
#                    D:\GitHub\Project_2121034\Debug\Obj\stm32f0xx_iwdg.o     #
#                    D:\GitHub\Project_2121034\Debug\Obj\stm32f0xx_misc.o     #
#                    D:\GitHub\Project_2121034\Debug\Obj\stm32f0xx_pwr.o      #
#                    D:\GitHub\Project_2121034\Debug\Obj\stm32f0xx_rcc.o      #
#                    D:\GitHub\Project_2121034\Debug\Obj\stm32f0xx_syscfg.o   #
#                    D:\GitHub\Project_2121034\Debug\Obj\stm32f0xx_tim.o      #
#                    D:\GitHub\Project_2121034\Debug\Obj\SysCountDownMode.o   #
#                    D:\GitHub\Project_2121034\Debug\Obj\SysErrMode.o         #
#                    D:\GitHub\Project_2121034\Debug\Obj\SysPassMode.o        #
#                    D:\GitHub\Project_2121034\Debug\Obj\SysSleepMode.o       #
#                    D:\GitHub\Project_2121034\Debug\Obj\SysSportModeEnd.o    #
#                    D:\GitHub\Project_2121034\Debug\Obj\SysStartMode.o       #
#                    D:\GitHub\Project_2121034\Debug\Obj\system_stm32f0xx.o   #
#                    D:\GitHub\Project_2121034\Debug\Obj\UserSportMode.o      #
#                    --redirect _Printf=_PrintfSmall --redirect               #
#                    _Scanf=_ScanfSmall -o D:\GitHub\Project_2121034\Debug\Ex #
#                    e\STM32.out --map D:\GitHub\Project_2121034\Debug\List\S #
#                    TM32.map --config "C:\Program Files (x86)\IAR            #
#                    Systems\Embedded Workbench 6.5\arm\config\linker\ST\stm3 #
#                    2f051x8.icf" --semihosting --entry __iar_program_start   #
#                    --vfe                                                    #
#                                                                             #
#                                                                             #
###############################################################################

*******************************************************************************
*** RUNTIME MODEL ATTRIBUTES
***

CppFlavor       = *
__SystemLibrary = DLib


*******************************************************************************
*** PLACEMENT SUMMARY
***

"A1":  place at 0x08000000 { ro section .intvec };
"P1":  place in [from 0x08000000 to 0x0800ffff] { ro };
"P2":  place in [from 0x20000000 to 0x20001fff] { rw, block CSTACK, block HEAP };

  Section            Kind        Address    Size  Object
  -------            ----        -------    ----  ------
"A1":                                       0xc0
  .intvec            ro code  0x08000000    0xc0  startup_stm32f0xx.o [1]
                            - 0x080000c0    0xc0

"P1":                                     0x778c
  .text              ro code  0x080000c0  0x111c  ProgSetMode.o [1]
  .text              ro code  0x080011dc   0x4e4  ScanKey.o [1]
  .text              ro code  0x080016c0   0xa70  Display_sub.o [1]
  .text              ro code  0x08002130    0xa0  SysSleepMode.o [1]
  .text              ro code  0x080021d0   0x818  I2c.o [1]
  .text              ro code  0x080029e8   0x3f0  Message.o [1]
  .text              ro code  0x08002dd8    0xe0  I32DivModFast.o [5]
  .text              ro code  0x08002eb8   0x12c  SysCountDownMode.o [1]
  .text              ro code  0x08002fe4   0x5ac  Function.o [1]
  .text              ro code  0x08003590   0x264  seven_tab.o [1]
  .text              ro code  0x080037f4   0x150  stm32f0xx_rcc.o [1]
  .text              ro code  0x08003944    0x7e  stm32f0xx_gpio.o [1]
  .text              ro code  0x080039c2    0x2a  zero_init3.o [5]
  .text              ro code  0x080039ec    0x54  ABImemset.o [5]
  .text              ro code  0x08003a40   0x4b0  main.o [1]
  .text              ro code  0x08003ef0     0x2  IntDivZer.o [5]
  .text              ro code  0x08003ef2     0x2  startup_stm32f0xx.o [1]
  .text              ro code  0x08003ef4   0x4ac  SpeedDetection.o [1]
  .text              ro code  0x080043a0   0x730  ProgSportMode.o [1]
  .text              ro code  0x08004ad0    0x1e  I32ToFlt.o [4]
  .text              ro code  0x08004aee     0x2  startup_stm32f0xx.o [1]
  .text              ro code  0x08004af0    0x32  FltToDbl.o [4]
  .text              ro code  0x08004b22   0x184  DblMul.o [4]
  .text              ro code  0x08004ca6    0x62  DblToFlt.o [4]
  .text              ro code  0x08004d08    0x26  FltToU32.o [4]
  .text              ro code  0x08004d2e     0x2  startup_stm32f0xx.o [1]
  .text              ro code  0x08004d30   0x50c  Incline.o [1]
  .text              ro code  0x0800523c   0x33c  Pulse.o [1]
  .text              ro code  0x08005578    0x38  stm32f0xx_iwdg.o [1]
  .text              ro code  0x080055b0    0x28  stm32f0xx_syscfg.o [1]
  .text              ro code  0x080055d8    0xb8  stm32f0xx_exti.o [1]
  .text              ro code  0x08005690    0x50  stm32f0xx_misc.o [1]
  .text              ro code  0x080056e0   0x364  HrcSportMode.o [1]
  .text              ro code  0x08005a44    0x34  stm32f0xx_pwr.o [1]
  .text              ro code  0x08005a78   0x160  SysStartMode.o [1]
  .text              ro code  0x08005bd8   0x28c  ManualSportMode.o [1]
  .text              ro code  0x08005e64   0x290  UserSportMode.o [1]
  .text              ro code  0x080060f4   0x204  SysPassMode.o [1]
  .text              ro code  0x080062f8    0xf4  SysSportModeEnd.o [1]
  .text              ro code  0x080063ec    0xb8  SysErrMode.o [1]
  .text              ro code  0x080064a4   0x4a4  EngineeringMode1_2.o [1]
  .text              ro code  0x08006948   0x6dc  EngineeringMode3_4.o [1]
  .text              ro code  0x08007024    0xb4  FltMul.o [4]
  .text              ro code  0x080070d8    0x3a  FltToS32.o [4]
  .text              ro code  0x08007112     0x2  startup_stm32f0xx.o [1]
  .text              ro code  0x08007114   0x168  stm32f0xx_tim.o [1]
  .text              ro code  0x0800727c    0xf8  stm32f0xx_adc.o [1]
  .rodata            const    0x08007374   0x1e4  seven_tab.o [1]
  .text              ro code  0x08007558    0xf4  stm32f0xx_it.o [1]
  .text              ro code  0x0800764c    0xe8  system_stm32f0xx.o [1]
  .text              ro code  0x08007734    0x30  copy_init3.o [5]
  .text              ro code  0x08007764    0x28  data_init.o [5]
  .iar.init_table    const    0x0800778c    0x24  - Linker created -
  .text              ro code  0x080077b0    0x1a  cmain.o [5]
  .text              ro code  0x080077ca     0x4  low_level_init.o [3]
  .text              ro code  0x080077ce     0x8  exit.o [3]
  .text              ro code  0x080077d6     0x2  startup_stm32f0xx.o [1]
  .text              ro code  0x080077d8     0xa  cexit.o [5]
  .text              ro code  0x080077e2     0x2  startup_stm32f0xx.o [1]
  .text              ro code  0x080077e4    0x14  exit.o [6]
  .text              ro code  0x080077f8    0x10  startup_stm32f0xx.o [1]
  .text              ro code  0x08007808     0xc  cstartup_M.o [5]
  .text              ro code  0x08007814     0x2  startup_stm32f0xx.o [1]
  .text              ro code  0x08007816     0x2  startup_stm32f0xx.o [1]
  .text              ro code  0x08007818     0x2  startup_stm32f0xx.o [1]
  .text              ro code  0x0800781a     0x2  startup_stm32f0xx.o [1]
  .text              ro code  0x0800781c     0x2  startup_stm32f0xx.o [1]
  .text              ro code  0x0800781e     0x2  startup_stm32f0xx.o [1]
  .text              ro code  0x08007820     0x2  startup_stm32f0xx.o [1]
  .text              ro code  0x08007822     0x2  startup_stm32f0xx.o [1]
  .text              ro code  0x08007824     0x2  startup_stm32f0xx.o [1]
  .text              ro code  0x08007826     0x2  startup_stm32f0xx.o [1]
  .text              ro code  0x08007828     0x2  startup_stm32f0xx.o [1]
  .text              ro code  0x0800782a     0x2  startup_stm32f0xx.o [1]
  .text              ro code  0x0800782c     0x2  startup_stm32f0xx.o [1]
  .text              ro code  0x0800782e     0x2  startup_stm32f0xx.o [1]
  .text              ro code  0x08007830     0x2  startup_stm32f0xx.o [1]
  .text              ro code  0x08007832     0x2  startup_stm32f0xx.o [1]
  .text              ro code  0x08007834     0x2  startup_stm32f0xx.o [1]
  .text              ro code  0x08007836     0x2  startup_stm32f0xx.o [1]
  .text              ro code  0x08007838     0x2  startup_stm32f0xx.o [1]
  .text              ro code  0x0800783a     0x2  startup_stm32f0xx.o [1]
  .rodata            const    0x0800783c     0x0  zero_init3.o [5]
  .rodata            const    0x0800783c     0x0  copy_init3.o [5]
  Initializer bytes  ro data  0x0800783c    0x10  <for P2 s0>
                            - 0x0800784c  0x778c

"P2", part 1 of 3:                          0x10
  P2 s0                       0x20000000    0x10  <Init block>
    .data            inited   0x20000000    0x10  stm32f0xx_rcc.o [1]
                            - 0x20000010    0x10

"P2", part 2 of 3:                         0x1c0
  .bss               zero     0x20000010    0x38  RAM.o [1]
  .bss               zero     0x20000048    0x20  RAM.o [1]
  .bss               zero     0x20000068    0x20  RAM.o [1]
  .bss               zero     0x20000088    0x20  RAM.o [1]
  .bss               zero     0x200000a8    0x20  RAM.o [1]
  .bss               zero     0x200000c8    0x12  I2c.o [1]
  .bss               zero     0x200000da     0x1  RAM.o [1]
  .bss               zero     0x200000db     0x1  RAM.o [1]
  .bss               zero     0x200000dc     0x4  RAM.o [1]
  .bss               zero     0x200000e0     0x4  RAM.o [1]
  .bss               zero     0x200000e4     0x4  RAM.o [1]
  .bss               zero     0x200000e8     0x4  RAM.o [1]
  .bss               zero     0x200000ec     0x4  RAM.o [1]
  .bss               zero     0x200000f0     0x4  RAM.o [1]
  .bss               zero     0x200000f4     0x4  RAM.o [1]
  .bss               zero     0x200000f8     0x4  RAM.o [1]
  .bss               zero     0x200000fc     0x4  RAM.o [1]
  .bss               zero     0x20000100     0x4  RAM.o [1]
  .bss               zero     0x20000104     0x4  RAM.o [1]
  .bss               zero     0x20000108     0x4  RAM.o [1]
  .bss               zero     0x2000010c     0x4  RAM.o [1]
  .bss               zero     0x20000110     0x4  RAM.o [1]
  .bss               zero     0x20000114     0x4  RAM.o [1]
  .bss               zero     0x20000118     0x4  RAM.o [1]
  .bss               zero     0x2000011c     0x4  RAM.o [1]
  .bss               zero     0x20000120     0x4  RAM.o [1]
  .bss               zero     0x20000124     0x4  RAM.o [1]
  .bss               zero     0x20000128     0x4  RAM.o [1]
  .bss               zero     0x2000012c     0x4  RAM.o [1]
  .bss               zero     0x20000130     0x4  RAM.o [1]
  .bss               zero     0x20000134     0x4  RAM.o [1]
  .bss               zero     0x20000138     0x4  RAM.o [1]
  .bss               zero     0x2000013c     0x4  RAM.o [1]
  .bss               zero     0x20000140     0x4  RAM.o [1]
  .bss               zero     0x20000144     0x4  RAM.o [1]
  .bss               zero     0x20000148     0x4  RAM.o [1]
  .bss               zero     0x2000014c     0x4  RAM.o [1]
  .bss               zero     0x20000150     0x4  RAM.o [1]
  .bss               zero     0x20000154     0x4  RAM.o [1]
  .bss               zero     0x20000158     0x4  RAM.o [1]
  .bss               zero     0x2000015c     0x4  RAM.o [1]
  .bss               zero     0x20000160     0x4  RAM.o [1]
  .bss               zero     0x20000164     0x4  RAM.o [1]
  .bss               zero     0x20000168     0x4  RAM.o [1]
  .bss               zero     0x2000016c     0x4  RAM.o [1]
  .bss               zero     0x20000170     0x3  I2c.o [1]
  .bss               zero     0x20000173     0x1  RAM.o [1]
  .bss               zero     0x20000174     0x1  RAM.o [1]
  .bss               zero     0x20000175     0x1  RAM.o [1]
  .bss               zero     0x20000176     0x1  RAM.o [1]
  .bss               zero     0x20000177     0x1  RAM.o [1]
  .bss               zero     0x20000178     0x1  RAM.o [1]
  .bss               zero     0x20000179     0x1  RAM.o [1]
  .bss               zero     0x2000017a     0x1  RAM.o [1]
  .bss               zero     0x2000017b     0x1  RAM.o [1]
  .bss               zero     0x2000017c     0x1  RAM.o [1]
  .bss               zero     0x2000017d     0x1  RAM.o [1]
  .bss               zero     0x2000017e     0x1  RAM.o [1]
  .bss               zero     0x2000017f     0x1  RAM.o [1]
  .bss               zero     0x20000180     0x1  RAM.o [1]
  .bss               zero     0x20000181     0x1  RAM.o [1]
  .bss               zero     0x20000182     0x1  RAM.o [1]
  .bss               zero     0x20000183     0x1  RAM.o [1]
  .bss               zero     0x20000184     0x1  RAM.o [1]
  .bss               zero     0x20000185     0x1  RAM.o [1]
  .bss               zero     0x20000186     0x1  RAM.o [1]
  .bss               zero     0x20000187     0x1  RAM.o [1]
  .bss               zero     0x20000188     0x1  RAM.o [1]
  .bss               zero     0x20000189     0x1  RAM.o [1]
  .bss               zero     0x2000018a     0x1  RAM.o [1]
  .bss               zero     0x2000018b     0x1  RAM.o [1]
  .bss               zero     0x2000018c     0x1  RAM.o [1]
  .bss               zero     0x2000018d     0x1  RAM.o [1]
  .bss               zero     0x2000018e     0x1  RAM.o [1]
  .bss               zero     0x2000018f     0x1  RAM.o [1]
  .bss               zero     0x20000190     0x1  RAM.o [1]
  .bss               zero     0x20000191     0x1  RAM.o [1]
  .bss               zero     0x20000192     0x1  RAM.o [1]
  .bss               zero     0x20000193     0x1  RAM.o [1]
  .bss               zero     0x20000194     0x1  RAM.o [1]
  .bss               zero     0x20000195     0x1  RAM.o [1]
  .bss               zero     0x20000196     0x1  RAM.o [1]
  .bss               zero     0x20000197     0x1  RAM.o [1]
  .bss               zero     0x20000198     0x1  RAM.o [1]
  .bss               zero     0x20000199     0x1  RAM.o [1]
  .bss               zero     0x2000019a     0x1  RAM.o [1]
  .bss               zero     0x2000019b     0x1  RAM.o [1]
  .bss               zero     0x2000019c     0x1  RAM.o [1]
  .bss               zero     0x2000019d     0x1  RAM.o [1]
  .bss               zero     0x2000019e     0x1  RAM.o [1]
  .bss               zero     0x2000019f     0x1  RAM.o [1]
  .bss               zero     0x200001a0     0x1  RAM.o [1]
  .bss               zero     0x200001a1     0x1  RAM.o [1]
  .bss               zero     0x200001a2     0x1  RAM.o [1]
  .bss               zero     0x200001a3     0x1  RAM.o [1]
  .bss               zero     0x200001a4     0x1  RAM.o [1]
  .bss               zero     0x200001a5     0x1  RAM.o [1]
  .bss               zero     0x200001a6     0x1  RAM.o [1]
  .bss               zero     0x200001a7     0x1  RAM.o [1]
  .bss               zero     0x200001a8     0x1  RAM.o [1]
  .bss               zero     0x200001a9     0x1  RAM.o [1]
  .bss               zero     0x200001aa     0x1  RAM.o [1]
  .bss               zero     0x200001ab     0x1  RAM.o [1]
  .bss               zero     0x200001ac     0x1  RAM.o [1]
  .bss               zero     0x200001ad     0x1  RAM.o [1]
  .bss               zero     0x200001ae     0x1  RAM.o [1]
  .bss               zero     0x200001af     0x1  RAM.o [1]
  .bss               zero     0x200001b0     0x1  RAM.o [1]
  .bss               zero     0x200001b1     0x1  RAM.o [1]
  .bss               zero     0x200001b2     0x1  RAM.o [1]
  .bss               zero     0x200001b3     0x1  RAM.o [1]
  .bss               zero     0x200001b4     0x1  RAM.o [1]
  .bss               zero     0x200001b5     0x1  RAM.o [1]
  .bss               zero     0x200001b6     0x1  RAM.o [1]
  .bss               zero     0x200001b7     0x1  RAM.o [1]
  .bss               zero     0x200001b8     0x1  RAM.o [1]
  .bss               zero     0x200001b9     0x1  RAM.o [1]
  .bss               zero     0x200001ba     0x1  RAM.o [1]
  .bss               zero     0x200001bb     0x1  RAM.o [1]
  .bss               zero     0x200001bc     0x1  RAM.o [1]
  .bss               zero     0x200001bd     0x1  RAM.o [1]
  .bss               zero     0x200001be     0x1  RAM.o [1]
  .bss               zero     0x200001bf     0x1  RAM.o [1]
  .bss               zero     0x200001c0     0x1  RAM.o [1]
  .bss               zero     0x200001c1     0x1  RAM.o [1]
  .bss               zero     0x200001c2     0x1  RAM.o [1]
  .bss               zero     0x200001c3     0x1  RAM.o [1]
  .bss               zero     0x200001c4     0x1  RAM.o [1]
  .bss               zero     0x200001c5     0x1  RAM.o [1]
  .bss               zero     0x200001c6     0x1  RAM.o [1]
  .bss               zero     0x200001c7     0x1  RAM.o [1]
  .bss               zero     0x200001c8     0x1  RAM.o [1]
                            - 0x200001c9   0x1b9

"P2", part 3 of 3:                         0x800
  CSTACK                      0x200001d0   0x800  <Block>
    CSTACK           uninit   0x200001d0   0x800  <Block tail>
                            - 0x200009d0   0x800


*******************************************************************************
*** INIT TABLE
***

          Address     Size
          -------     ----
Zero (__iar_zero_init3)
    1 destination range, total size 0x1b9:
          0x20000010  0x1b9

Copy (__iar_copy_init3)
    1 source range, total size 0x10:
          0x0800783c   0x10
    1 destination range, total size 0x10:
          0x20000000   0x10



*******************************************************************************
*** MODULE SUMMARY
***

    Module                ro code  ro data  rw data
    ------                -------  -------  -------
D:\GitHub\Project_2121034\Debug\Obj: [1]
    Display_sub.o           2 672
    EngineeringMode1_2.o    1 188
    EngineeringMode3_4.o    1 756
    Function.o              1 452
    HrcSportMode.o            868
    I2c.o                   2 072                21
    Incline.o               1 292
    ManualSportMode.o         652
    Message.o               1 008
    ProgSetMode.o           4 380
    ProgSportMode.o         1 840
    Pulse.o                   828
    RAM.o                                       420
    ScanKey.o               1 252
    SpeedDetection.o        1 196
    SysCountDownMode.o        300
    SysErrMode.o              184
    SysPassMode.o             516
    SysSleepMode.o            160
    SysSportModeEnd.o         244
    SysStartMode.o            352
    UserSportMode.o           656
    main.o                  1 200
    seven_tab.o               612      484
    startup_stm32f0xx.o       260
    stm32f0xx_adc.o           248
    stm32f0xx_exti.o          184
    stm32f0xx_gpio.o          126
    stm32f0xx_it.o            244
    stm32f0xx_iwdg.o           56
    stm32f0xx_misc.o           80
    stm32f0xx_pwr.o            52
    stm32f0xx_rcc.o           336       16       16
    stm32f0xx_syscfg.o         40
    stm32f0xx_tim.o           360
    system_stm32f0xx.o        232
    -----------------------------------------------
    Total:                 28 898      500      457

command line: [2]
    -----------------------------------------------
    Total:

dl6M_tln.a: [3]
    exit.o                      8
    low_level_init.o            4
    -----------------------------------------------
    Total:                     12

m6M_tl.a: [4]
    DblMul.o                  388
    DblToFlt.o                 98
    FltMul.o                  180
    FltToDbl.o                 50
    FltToS32.o                 58
    FltToU32.o                 38
    I32ToFlt.o                 30
    -----------------------------------------------
    Total:                    842

rt6M_tl.a: [5]
    ABImemset.o                84
    I32DivModFast.o           224
    IntDivZer.o                 2
    cexit.o                    10
    cmain.o                    26
    copy_init3.o               48
    cstartup_M.o               12
    data_init.o                40
    zero_init3.o               42
    -----------------------------------------------
    Total:                    488

shb_l.a: [6]
    exit.o                     20
    -----------------------------------------------
    Total:                     20

    Linker created                      36    2 048
---------------------------------------------------
    Grand Total:           30 260      536    2 505


*******************************************************************************
*** ENTRY LIST
***

Entry                      Address   Size  Type      Object
-----                      -------   ----  ----      ------
?main                   0x080077b1         Code  Gb  cmain.o [5]
ADC_AutoPowerOffCmd     0x080072d1   0x16  Code  Gb  stm32f0xx_adc.o [1]
ADC_ChannelConfig       0x080072fd    0xa  Code  Gb  stm32f0xx_adc.o [1]
ADC_Cmd                 0x080072bf   0x12  Code  Gb  stm32f0xx_adc.o [1]
ADC_DeInit              0x0800727d   0x1e  Code  Gb  stm32f0xx_adc.o [1]
ADC_GetCalibrationFactor
                        0x08007307   0x2c  Code  Gb  stm32f0xx_adc.o [1]
ADC_GetConversionValue  0x0800733d    0x6  Code  Gb  stm32f0xx_adc.o [1]
ADC_GetFlagStatus       0x08007343   0x1a  Code  Gb  stm32f0xx_adc.o [1]
ADC_Init                0x0800729b   0x24  Code  Gb  stm32f0xx_adc.o [1]
ADC_StartOfConversion   0x08007333    0xa  Code  Gb  stm32f0xx_adc.o [1]
ADC_WaitModeCmd         0x080072e7   0x16  Code  Gb  stm32f0xx_adc.o [1]
APBAHBPrescTable        0x20000000   0x10  Data  Lc  stm32f0xx_rcc.o [1]
CSTACK$$Base            0x200001d0          --   Gb  - Linker created -
CSTACK$$Limit           0x200009d0          --   Gb  - Linker created -
C_delay                 0x08003587    0xa  Code  Gb  Function.o [1]
EE_Read                 0x080024d1   0x34  Code  Gb  I2c.o [1]
EE_Write                0x080024ab   0x26  Code  Gb  I2c.o [1]
EXTI0_1_IRQHandler      0x080075ad   0x24  Code  Gb  stm32f0xx_it.o [1]
EXTI2_3_IRQHandler      0x080075d1   0x24  Code  Gb  stm32f0xx_it.o [1]
EXTI4_15_IRQHandler     0x080075f5   0x58  Code  Gb  stm32f0xx_it.o [1]
EXTI_ClearITPendingBit  0x08005675    0x6  Code  Gb  stm32f0xx_exti.o [1]
EXTI_Config             0x08003b77  0x182  Code  Gb  main.o [1]
EXTI_DeInit             0x080055d9   0x14  Code  Gb  stm32f0xx_exti.o [1]
EXTI_GenerateSWInterrupt
                        0x08005653    0xa  Code  Gb  stm32f0xx_exti.o [1]
EXTI_GetITStatus        0x0800565d   0x18  Code  Gb  stm32f0xx_exti.o [1]
EXTI_Init               0x080055ed   0x66  Code  Gb  stm32f0xx_exti.o [1]
EepromDelayTimeCnt      0x200000d8    0x2  Data  Gb  I2c.o [1]
F_1625CS_1              0x08001723   0x10  Code  Gb  Display_sub.o [1]
F_1625Com               0x080017ad    0x8  Code  Gb  Display_sub.o [1]
F_1625DATA              0x08001743   0x10  Code  Gb  Display_sub.o [1]
F_1625ID                0x08001753   0x5a  Code  Gb  Display_sub.o [1]
F_1625Start             0x080017b5   0x1a  Code  Gb  Display_sub.o [1]
F_1625WR                0x08001733   0x10  Code  Gb  Display_sub.o [1]
F_AgeSetDown            0x080009d5   0x14  Code  Gb  ProgSetMode.o [1]
F_AgeSetUp              0x080009b9   0x16  Code  Gb  ProgSetMode.o [1]
F_AllLCDRam             0x08001851   0x14  Code  Gb  Display_sub.o [1]
F_BackLight             0x08003adb   0x10  Code  Gb  main.o [1]
F_BzOn                  0x08003aeb   0x2a  Code  Gb  main.o [1]
F_CalSetDown            0x08000b59   0x18  Code  Gb  ProgSetMode.o [1]
F_CalSetUp              0x08000aa9   0x18  Code  Gb  ProgSetMode.o [1]
F_Calorie               0x08003219   0xae  Code  Gb  Function.o [1]
F_ChangeGraphInc        0x08001bd1    0x6  Code  Gb  Display_sub.o [1]
F_ChangeGraphSpeed      0x08001bb9   0x18  Code  Gb  Display_sub.o [1]
F_ChangeMileToKm        0x08003555   0x18  Code  Gb  Function.o [1]
F_ChangeShowInc         0x08004989   0x14  Code  Gb  ProgSportMode.o [1]
F_ChangeShowSpeed       0x08004975   0x14  Code  Gb  ProgSportMode.o [1]
F_CheckGetKey           0x08001375  0x14a  Code  Gb  ScanKey.o [1]
F_ClearTimeBase         0x08003097   0x12  Code  Gb  Function.o [1]
F_CountDown             0x08002f49   0x5e  Code  Gb  SysCountDownMode.o [1]
F_CountDownModeInit     0x08002fa7   0x1a  Code  Gb  SysCountDownMode.o [1]
F_DisSetDown            0x08000b35   0x20  Code  Gb  ProgSetMode.o [1]
F_DisSetUp              0x08000a89   0x20  Code  Gb  ProgSetMode.o [1]
F_Display               0x08001865   0x48  Code  Gb  Display_sub.o [1]
F_DisplayTime           0x080030dd   0x1e  Code  Gb  Function.o [1]
F_DisttanceComputing    0x080032fd  0x12e  Code  Gb  Function.o [1]
F_EEDelay               0x08002285   0x18  Code  Gb  I2c.o [1]
F_EE_init               0x080025a7   0x7c  Code  Gb  I2c.o [1]
F_ERP_KBSet             0x0800167d   0x20  Code  Gb  ScanKey.o [1]
F_EUP_EEPROM_GPIO       0x08002235   0x4e  Code  Gb  I2c.o [1]
F_EepromClear_2         0x08002811   0x5c  Code  Gb  I2c.o [1]
F_EepromClear_3         0x0800286d   0x1e  Code  Gb  I2c.o [1]
F_EepromClear_4         0x0800288b   0x10  Code  Gb  I2c.o [1]
F_EepromDelayTime       0x080022f9    0xa  Code  Gb  I2c.o [1]
F_EepromNoDataInit      0x08002629   0xda  Code  Gb  I2c.o [1]
F_Eng1EntertSet         0x08006525   0x94  Code  Gb  EngineeringMode1_2.o [1]
F_Eng1SpeedDownSet      0x0800669d   0xdc  Code  Gb  EngineeringMode1_2.o [1]
F_Eng1SpeedUpSet        0x080065b9   0xda  Code  Gb  EngineeringMode1_2.o [1]
F_Eng4Test              0x08006e05   0x5c  Code  Gb  EngineeringMode3_4.o [1]
F_EngMode1              0x080064a5   0x3e  Code  Gb  EngineeringMode1_2.o [1]
F_EngMode1_Key          0x080064e3   0x40  Code  Gb  EngineeringMode1_2.o [1]
F_EngMode1_Lcd          0x08006799   0xc2  Code  Gb  EngineeringMode1_2.o [1]
F_EngMode2              0x08006861   0x40  Code  Gb  EngineeringMode1_2.o [1]
F_EngMode2_Key          0x080068b1   0x66  Code  Gb  EngineeringMode1_2.o [1]
F_EngMode3              0x08006949   0x60  Code  Gb  EngineeringMode3_4.o [1]
F_EngMode3_Key1         0x080069a9   0x1a  Code  Gb  EngineeringMode3_4.o [1]
F_EngMode3_Key2         0x080069c5   0xc4  Code  Gb  EngineeringMode3_4.o [1]
F_EngMode3_Lcd          0x08006aa1  0x1d8  Code  Gb  EngineeringMode3_4.o [1]
F_EngMode4              0x08006da1   0x64  Code  Gb  EngineeringMode3_4.o [1]
F_EngMode4_Key1         0x08006e65   0x2c  Code  Gb  EngineeringMode3_4.o [1]
F_EngMode4_Key3         0x08006e91   0xd8  Code  Gb  EngineeringMode3_4.o [1]
F_EngMode4_Lcd          0x08006f69   0x7e  Code  Gb  EngineeringMode3_4.o [1]
F_EnterSetKey           0x080003a5  0x102  Code  Gb  ProgSetMode.o [1]
F_FristSportSpeed       0x08000615    0x6  Code  Gb  ProgSetMode.o [1]
F_GpioSetup             0x08003a41   0x9a  Code  Gb  main.o [1]
F_GraphSpeedInc         0x08000bd1   0x72  Code  Gb  ProgSetMode.o [1]
F_HT1620Address         0x08001823   0x2e  Code  Gb  Display_sub.o [1]
F_HT1620Initial         0x080017cf   0x26  Code  Gb  Display_sub.o [1]
F_HT1620Write           0x080017f5    0x6  Code  Gb  Display_sub.o [1]
F_HrcSpdIncCount        0x08005757   0xc0  Code  Gb  HrcSportMode.o [1]
F_HrcSportMode          0x080056e1   0x76  Code  Gb  HrcSportMode.o [1]
F_HrcSportModeIncDown   0x08005959   0x36  Code  Gb  HrcSportMode.o [1]
F_HrcSportModeIncUp     0x08005919   0x38  Code  Gb  HrcSportMode.o [1]
F_HrcSportMode_Key      0x08005841   0xd0  Code  Gb  HrcSportMode.o [1]
F_HrcSportMode_Lcd      0x080059a9   0x6c  Code  Gb  HrcSportMode.o [1]
F_I2C_Ackn              0x0800229d   0x2e  Code  Gb  I2c.o [1]
F_I2C_Clock             0x08002367   0x1a  Code  Gb  I2c.o [1]
F_I2C_Start             0x080022cb   0x2e  Code  Gb  I2c.o [1]
F_I2C_Stop              0x08002305   0x36  Code  Gb  I2c.o [1]
F_IncAd                 0x0800502d   0x3a  Code  Gb  Incline.o [1]
F_IncAuto               0x08005095  0x120  Code  Gb  Incline.o [1]
F_IncControl            0x08004e9d   0xa2  Code  Gb  Incline.o [1]
F_IncControlDown        0x08005829   0x16  Code  Gb  HrcSportMode.o [1]
F_IncControlUp          0x08005817   0x12  Code  Gb  HrcSportMode.o [1]
F_IncErrDetection       0x08004fe1   0x40  Code  Gb  Incline.o [1]
F_IncIoDownControl      0x080051e5   0x24  Code  Gb  Incline.o [1]
F_IncIoUpControl        0x080051b9   0x24  Code  Gb  Incline.o [1]
F_IncQuickKey           0x080007ad   0x24  Code  Gb  ProgSetMode.o [1]
F_IncSetControlDown     0x08000829   0x34  Code  Gb  ProgSetMode.o [1]
F_IncSetControlUp       0x080007d9   0x38  Code  Gb  ProgSetMode.o [1]
F_IncTimeCnt            0x08004e4b   0x1e  Code  Gb  Incline.o [1]
F_InclineDownSetKey     0x080002e3   0x20  Code  Gb  ProgSetMode.o [1]
F_InclineUpSetKey       0x080002c3   0x20  Code  Gb  ProgSetMode.o [1]
F_IncludeProcess        0x08004e69   0x34  Code  Gb  Incline.o [1]
F_InitialADC            0x08004d7b   0xd0  Code  Gb  Incline.o [1]
F_InitialEEPROM_GPIO    0x080021d1   0x64  Code  Gb  I2c.o [1]
F_InitialHT1625_GPIO    0x080016c1   0x62  Code  Gb  Display_sub.o [1]
F_InitialIncline_Gpio   0x08004d31   0x4a  Code  Gb  Incline.o [1]
F_InitialKB_GPIO        0x080011dd   0x92  Code  Gb  ScanKey.o [1]
F_InitialPulse_GPIO     0x0800523d   0x48  Code  Gb  Pulse.o [1]
F_InitialSPD_GPIO       0x08003ef5   0x7e  Code  Gb  SpeedDetection.o [1]
F_LcdNumberRam          0x08003591   0xaa  Code  Gb  seven_tab.o [1]
F_LcdTest               0x08006c85   0xc6  Code  Gb  EngineeringMode3_4.o [1]
F_LedKeyScan            0x0800127d   0xf2  Code  Gb  ScanKey.o [1]
F_LongFast              0x08001647   0x36  Code  Gb  ScanKey.o [1]
F_LongSetKey            0x08000283   0x40  Code  Gb  ProgSetMode.o [1]
F_ManualSportMode       0x08005bd9   0x6a  Code  Gb  ManualSportMode.o [1]
F_ManualSportMode_key   0x08005c45   0xd0  Code  Gb  ManualSportMode.o [1]
F_ManualSportMode_lcd   0x08005d15   0x4c  Code  Gb  ManualSportMode.o [1]
F_MenualSpdQuickKey     0x08005d61   0x1c  Code  Gb  ManualSportMode.o [1]
F_MessageP              0x08002bb9   0x66  Code  Gb  Message.o [1]
F_PassModeInit          0x080062a1   0x2c  Code  Gb  SysPassMode.o [1]
F_Playground            0x08003439   0x52  Code  Gb  Function.o [1]
F_Pluse1sub             0x08005285   0xd2  Code  Gb  Pulse.o [1]
F_Pluse2sub             0x08005393   0xf0  Code  Gb  Pulse.o [1]
F_PluseFunction1        0x08005357   0x3c  Code  Gb  Pulse.o [1]
F_PluseFunction2        0x08005495   0x3c  Code  Gb  Pulse.o [1]
F_PorgWriteSpeed        0x080049a1   0x14  Code  Gb  ProgSportMode.o [1]
F_ProgSetInit           0x08001101   0x82  Code  Gb  ProgSetMode.o [1]
F_ProgSetMode           0x080000c1   0x50  Code  Gb  ProgSetMode.o [1]
F_ProgSetMode_Lcd       0x08000c89  0x3e6  Code  Gb  ProgSetMode.o [1]
F_ProgSetMode_key       0x08000111  0x172  Code  Gb  ProgSetMode.o [1]
F_ProgSportEnd          0x080046f9   0x28  Code  Gb  ProgSportMode.o [1]
F_ProgSportIncQuickKey  0x08004901   0x38  Code  Gb  ProgSportMode.o [1]
F_ProgSportMode         0x080043a1   0x7c  Code  Gb  ProgSportMode.o [1]
F_ProgSportModeIncDown  0x080048e9    0x6  Code  Gb  ProgSportMode.o [1]
F_ProgSportModeIncUp    0x080048e1    0x8  Code  Gb  ProgSportMode.o [1]
F_ProgSportMode_Key     0x0800478d  0x154  Code  Gb  ProgSportMode.o [1]
F_ProgSportMode_Lcd     0x080049c9   0xce  Code  Gb  ProgSportMode.o [1]
F_ProgSportSpdQuickKey  0x08004939   0x30  Code  Gb  ProgSportMode.o [1]
F_ProgTest              0x08006d4b   0x56  Code  Gb  EngineeringMode3_4.o [1]
F_ProgTimeCount         0x0800441d   0x3c  Code  Gb  ProgSportMode.o [1]
F_ProgWarkUpEnd         0x080044e5   0xca  Code  Gb  ProgSportMode.o [1]
F_PwmCntSend            0x08003f73  0x128  Code  Gb  SpeedDetection.o [1]
F_QuickSetUserInc       0x08000881   0x28  Code  Gb  ProgSetMode.o [1]
F_QuickSetUserSpeed     0x08000911   0x3a  Code  Gb  ProgSetMode.o [1]
F_Read2Byte             0x08002513   0x1a  Code  Gb  I2c.o [1]
F_Read4Byte             0x0800252d   0x36  Code  Gb  I2c.o [1]
F_ReadFlg               0x08002505    0xe  Code  Gb  I2c.o [1]
F_ReadKey               0x08001501  0x146  Code  Gb  ScanKey.o [1]
F_ReadProgData          0x08004459   0x40  Code  Gb  ProgSportMode.o [1]
F_ReadProg_EE           0x08002703  0x10a  Code  Gb  I2c.o [1]
F_ReadScanKey           0x0800126f    0xe  Code  Gb  ScanKey.o [1]
F_ReadUserProfile       0x080028f1   0x4c  Code  Gb  I2c.o [1]
F_ReadWarkUpProg        0x08004739   0x3a  Code  Gb  ProgSportMode.o [1]
F_Read_I2C_Byte         0x080023c3   0x44  Code  Gb  I2c.o [1]
F_Read_I2C_Stop         0x0800233d   0x2a  Code  Gb  I2c.o [1]
F_RelayMoveDown         0x08004f7b   0x3a  Code  Gb  Incline.o [1]
F_RelayMoveStop         0x08004fb5   0x2c  Code  Gb  Incline.o [1]
F_RelayMoveUp           0x08004f3f   0x3c  Code  Gb  Incline.o [1]
F_Rest                  0x0800357d    0xa  Code  Gb  Function.o [1]
F_Safety                0x08003e45   0x7e  Code  Gb  main.o [1]
F_SaveTotalTimeDis      0x080034d5   0x22  Code  Gb  Function.o [1]
F_SetKey                0x08000311   0x86  Code  Gb  ProgSetMode.o [1]
F_SetUserIncDown        0x080008d5   0x22  Code  Gb  ProgSetMode.o [1]
F_SetUserIncUp          0x080008ad   0x28  Code  Gb  ProgSetMode.o [1]
F_SetUserSpeedDown      0x08000979   0x26  Code  Gb  ProgSetMode.o [1]
F_SetUserSpeedUp        0x0800094b   0x28  Code  Gb  ProgSetMode.o [1]
F_ShowAge               0x08001ed1    0x4  Code  Gb  Display_sub.o [1]
F_ShowCal               0x08001905   0x4a  Code  Gb  Display_sub.o [1]
F_ShowDis               0x080018ad   0x58  Code  Gb  Display_sub.o [1]
F_ShowFlash             0x080030fb   0x5e  Code  Gb  Function.o [1]
F_ShowFlashInt          0x08003159   0x16  Code  Gb  Function.o [1]
F_ShowHrc1HeartFlash    0x08001dbd   0x48  Code  Gb  Display_sub.o [1]
F_ShowHrc2HeartFlash    0x08001e0d   0x82  Code  Gb  Display_sub.o [1]
F_ShowInc               0x080019cd   0x34  Code  Gb  Display_sub.o [1]
F_ShowLaps              0x08001d9d   0x20  Code  Gb  Display_sub.o [1]
F_ShowLube              0x080020d9   0x1a  Code  Gb  Display_sub.o [1]
F_ShowMatrixLcd         0x0800363d   0x2c  Code  Gb  seven_tab.o [1]
F_ShowMatrixPicture     0x08002ab9   0x9a  Code  Gb  Message.o [1]
F_ShowNoHeart           0x08001e95   0x3c  Code  Gb  Display_sub.o [1]
F_ShowPowerLed          0x0800209d   0x18  Code  Gb  Display_sub.o [1]
F_ShowProfileFlash      0x08001be5   0xaa  Code  Gb  Display_sub.o [1]
F_ShowPulse             0x08001d2d   0x6a  Code  Gb  Display_sub.o [1]
F_ShowSpeed             0x0800198f   0x3a  Code  Gb  Display_sub.o [1]
F_ShowSpeedIncProg      0x08001a09  0x130  Code  Gb  Display_sub.o [1]
F_ShowStringMove        0x080029e9   0xbc  Code  Gb  Message.o [1]
F_ShowThrSet            0x08001d97    0x6  Code  Gb  Display_sub.o [1]
F_ShowTime              0x0800194f   0x40  Code  Gb  Display_sub.o [1]
F_ShowTotalDis          0x08001f9d   0xd2  Code  Gb  Display_sub.o [1]
F_ShowTotalTime         0x08001f19   0x72  Code  Gb  Display_sub.o [1]
F_ShowTrackLed          0x08001c99   0x88  Code  Gb  Display_sub.o [1]
F_ShowVer               0x08001ee3   0x2c  Code  Gb  Display_sub.o [1]
F_ShowWheelSize         0x080020b5   0x1c  Code  Gb  Display_sub.o [1]
F_Show_8_FontLcd        0x080036cd   0x16  Code  Gb  seven_tab.o [1]
F_Show_8_Lcd            0x08003669   0x64  Code  Gb  seven_tab.o [1]
F_SleepTime             0x08002199   0x1e  Code  Gb  SysSleepMode.o [1]
F_Sleep_Init            0x08003cf9   0x56  Code  Gb  main.o [1]
F_SpdSetControlDown     0x08005da9   0x2c  Code  Gb  ManualSportMode.o [1]
F_SpdSetControlUp       0x08005d7d   0x2c  Code  Gb  ManualSportMode.o [1]
F_SpeedAuto             0x08004151   0xc6  Code  Gb  SpeedDetection.o [1]
F_SpeedAutoInit         0x0800410f   0x2c  Code  Gb  SpeedDetection.o [1]
F_SpeedControl          0x08004271   0xc2  Code  Gb  SpeedDetection.o [1]
F_SpeedDownSetKey       0x080006fd   0xa2  Code  Gb  ProgSetMode.o [1]
F_SpeedFeedback         0x0800409b   0x74  Code  Gb  SpeedDetection.o [1]
F_SpeedFirstInit        0x08004225   0x2a  Code  Gb  SpeedDetection.o [1]
F_SpeedIncProg          0x08001b45   0x6e  Code  Gb  Display_sub.o [1]
F_SpeedSwCotrol         0x08004341   0x22  Code  Gb  SpeedDetection.o [1]
F_SpeedUpSetKey         0x08000625   0xa2  Code  Gb  ProgSetMode.o [1]
F_SportBzControl        0x080030a9   0x34  Code  Gb  Function.o [1]
F_SportInit             0x080004c9  0x14c  Code  Gb  ProgSetMode.o [1]
F_SportModeEndInit      0x080063a9   0x24  Code  Gb  SysSportModeEnd.o [1]
F_SportStartSet         0x08005dd5   0x5a  Code  Gb  ManualSportMode.o [1]
F_StringInit            0x08002b93   0x12  Code  Gb  Message.o [1]
F_StringMoveTime        0x08002b5d   0x36  Code  Gb  Message.o [1]
F_SysCountDownMode      0x08002eb9   0x36  Code  Gb  SysCountDownMode.o [1]
F_SysCountDownMode_lcd  0x08002eef   0x5a  Code  Gb  SysCountDownMode.o [1]
F_SysErrMode            0x080063ed   0x5c  Code  Gb  SysErrMode.o [1]
F_SysErrMode_Lcd        0x08006449   0x46  Code  Gb  SysErrMode.o [1]
F_SysSleepMode          0x08002131   0x52  Code  Gb  SysSleepMode.o [1]
F_SysSleepMode_Key      0x08002183   0x16  Code  Gb  SysSleepMode.o [1]
F_SysSportModeEnd       0x080062f9   0x50  Code  Gb  SysSportModeEnd.o [1]
F_SysSportModeEnd_Key   0x08006349   0x2a  Code  Gb  SysSportModeEnd.o [1]
F_SysSportModeEnd_Lcd   0x08006373   0x36  Code  Gb  SysSportModeEnd.o [1]
F_SysSportPassMode      0x080060f5   0x50  Code  Gb  SysPassMode.o [1]
F_SysSportPassModeIncDown
                        0x08006237   0x34  Code  Gb  SysPassMode.o [1]
F_SysSportPassModeIncQuick
                        0x080061e1   0x22  Code  Gb  SysPassMode.o [1]
F_SysSportPassModeIncUp
                        0x08006203   0x34  Code  Gb  SysPassMode.o [1]
F_SysSportPassMode_Key  0x08006145   0x9c  Code  Gb  SysPassMode.o [1]
F_SysSportPassMode_lcd  0x0800626b   0x36  Code  Gb  SysPassMode.o [1]
F_SysStartMode          0x08005a79   0x64  Code  Gb  SysStartMode.o [1]
F_SysStartMode_Key1     0x08005add   0x1e  Code  Gb  SysStartMode.o [1]
F_SysStartMode_Key2     0x08005afb   0x58  Code  Gb  SysStartMode.o [1]
F_SysStartMode_Lcd      0x08005b53   0x36  Code  Gb  SysStartMode.o [1]
F_SysStartTime          0x08005b89   0x30  Code  Gb  SysStartMode.o [1]
F_TargetIncSpdShowCount
                        0x08001075   0x62  Code  Gb  ProgSetMode.o [1]
F_TargetSpdCount        0x080010d7   0x1c  Code  Gb  ProgSetMode.o [1]
F_TargetSpdSetDown      0x08000a2b   0x2a  Code  Gb  ProgSetMode.o [1]
F_TargetSpdSetUp        0x08000a01   0x2a  Code  Gb  ProgSetMode.o [1]
F_ThrSetDown            0x08000b79   0x42  Code  Gb  ProgSetMode.o [1]
F_ThrSetUp              0x08000ac1   0x44  Code  Gb  ProgSetMode.o [1]
F_Tick_Config           0x08003b15   0x42  Code  Gb  main.o [1]
F_Time                  0x08002fe5   0xb2  Code  Gb  Function.o [1]
F_TimeCount             0x0800316f   0x66  Code  Gb  Function.o [1]
F_TimeCountEnd          0x080031d5   0x2e  Code  Gb  Function.o [1]
F_TimeSetDown           0x08000b05   0x1e  Code  Gb  ProgSetMode.o [1]
F_TimeSetUp             0x08000a5d   0x20  Code  Gb  ProgSetMode.o [1]
F_TimeStatus            0x0800085d   0x24  Code  Gb  ProgSetMode.o [1]
F_TotalTimeDisCount     0x080034a1   0x2c  Code  Gb  Function.o [1]
F_UserCholeIncSpd       0x0800294d   0x6c  Code  Gb  I2c.o [1]
F_UserSportMode         0x08005e65   0x6e  Code  Gb  UserSportMode.o [1]
F_UserSportMode_Key     0x08005ed5  0x132  Code  Gb  UserSportMode.o [1]
F_UserSportMode_Lcd     0x08006007   0xba  Code  Gb  UserSportMode.o [1]
F_User_Init             0x080028a1   0x3a  Code  Gb  I2c.o [1]
F_WarkUpTime            0x08004499   0x4c  Code  Gb  ProgSportMode.o [1]
F_Write2Byte            0x08002563   0x14  Code  Gb  I2c.o [1]
F_Write4Byte            0x08002577   0x28  Code  Gb  I2c.o [1]
F_Write_I2C_Byte        0x08002381   0x42  Code  Gb  I2c.o [1]
F_Write_I2C_Control     0x08002415   0x8c  Code  Gb  I2c.o [1]
Flags0                  0x200000dc    0x4  Data  Gb  RAM.o [1]
Flags1                  0x200000e0    0x4  Data  Gb  RAM.o [1]
Flags2                  0x200000e4    0x4  Data  Gb  RAM.o [1]
Flags3                  0x200000e8    0x4  Data  Gb  RAM.o [1]
Flags4                  0x200000ec    0x4  Data  Gb  RAM.o [1]
Flags5                  0x200000f0    0x4  Data  Gb  RAM.o [1]
GPIO_Init               0x08003945   0x6a  Code  Gb  stm32f0xx_gpio.o [1]
GPIO_ReadInputData      0x080039b7    0x4  Code  Gb  stm32f0xx_gpio.o [1]
GPIO_ReadInputDataBit   0x080039af    0x8  Code  Gb  stm32f0xx_gpio.o [1]
HardFault_Handler       0x0800755b    0x2  Code  Gb  stm32f0xx_it.o [1]
IWDG_Config             0x08003b57   0x20  Code  Gb  main.o [1]
IWDG_Enable             0x08005593    0x8  Code  Gb  stm32f0xx_iwdg.o [1]
IWDG_ReloadCounter      0x0800558b    0x8  Code  Gb  stm32f0xx_iwdg.o [1]
IWDG_SetPrescaler       0x0800557f    0x6  Code  Gb  stm32f0xx_iwdg.o [1]
IWDG_SetReload          0x08005585    0x6  Code  Gb  stm32f0xx_iwdg.o [1]
IWDG_WriteAccessCmd     0x08005579    0x6  Code  Gb  stm32f0xx_iwdg.o [1]
KeyCnt                  0x20000194    0x1  Data  Gb  RAM.o [1]
KeyCode                 0x20000193    0x1  Data  Gb  RAM.o [1]
KeyRam                  0x20000191    0x1  Data  Gb  RAM.o [1]
KeyRamBak               0x20000192    0x1  Data  Gb  RAM.o [1]
LcdBit01                0x080036ec    0x8  Data  Gb  seven_tab.o [1]
LcdRam00                0x080036f4    0x8  Data  Gb  seven_tab.o [1]
LcdRam01                0x080036fc    0x8  Data  Gb  seven_tab.o [1]
LcdRam02                0x08003704    0x8  Data  Gb  seven_tab.o [1]
LcdRam03                0x0800370c    0x8  Data  Gb  seven_tab.o [1]
LcdRam04                0x08003714    0x8  Data  Gb  seven_tab.o [1]
LcdRam05                0x0800371c    0x8  Data  Gb  seven_tab.o [1]
LcdRam06                0x08003724    0x8  Data  Gb  seven_tab.o [1]
LcdRam07                0x0800372c    0x8  Data  Gb  seven_tab.o [1]
LcdRam08                0x08003734    0x8  Data  Gb  seven_tab.o [1]
LcdRam09                0x0800373c    0x8  Data  Gb  seven_tab.o [1]
LcdRam10                0x08003744    0x8  Data  Gb  seven_tab.o [1]
LcdRam11                0x0800374c    0x8  Data  Gb  seven_tab.o [1]
LcdRam12                0x08003754    0x8  Data  Gb  seven_tab.o [1]
LcdRam13                0x0800375c    0x8  Data  Gb  seven_tab.o [1]
LcdRam14                0x08003764    0x8  Data  Gb  seven_tab.o [1]
LcdRam15                0x0800376c    0x8  Data  Gb  seven_tab.o [1]
LcdRam16                0x08003774    0x8  Data  Gb  seven_tab.o [1]
LcdRam17                0x0800377c    0x8  Data  Gb  seven_tab.o [1]
LcdRam18                0x08003784    0x8  Data  Gb  seven_tab.o [1]
LcdRam19                0x0800378c    0x8  Data  Gb  seven_tab.o [1]
LcdRam20                0x08003794    0x8  Data  Gb  seven_tab.o [1]
LcdRam21                0x0800379c    0x8  Data  Gb  seven_tab.o [1]
LcdRam22                0x080037a4    0x8  Data  Gb  seven_tab.o [1]
LcdRam23                0x080037ac    0x8  Data  Gb  seven_tab.o [1]
LcdRam24                0x080037b4    0x8  Data  Gb  seven_tab.o [1]
LcdRam25                0x080037bc    0x8  Data  Gb  seven_tab.o [1]
LcdRam26                0x080037c4    0x8  Data  Gb  seven_tab.o [1]
LcdRam27                0x080037cc    0x8  Data  Gb  seven_tab.o [1]
LcdRam28                0x080037d4    0x8  Data  Gb  seven_tab.o [1]
LcdRam29                0x080037dc    0x8  Data  Gb  seven_tab.o [1]
M01                     0x08002c20   0x10  Data  Gb  Message.o [1]
M02                     0x08002c30   0x20  Data  Gb  Message.o [1]
M03                     0x08002c50   0x18  Data  Gb  Message.o [1]
M04                     0x08002c68   0x18  Data  Gb  Message.o [1]
M05                     0x08002c80   0x20  Data  Gb  Message.o [1]
M06                     0x08002ca0   0x10  Data  Gb  Message.o [1]
M07                     0x08002cb0   0x2c  Data  Gb  Message.o [1]
M08                     0x08002cdc   0x18  Data  Gb  Message.o [1]
M09                     0x08002cf4   0x10  Data  Gb  Message.o [1]
M10                     0x08002d04   0x18  Data  Gb  Message.o [1]
M11                     0x08002d1c   0x14  Data  Gb  Message.o [1]
M12                     0x08002d30    0xc  Data  Gb  Message.o [1]
M13                     0x08002d3c   0x18  Data  Gb  Message.o [1]
M14                     0x08002d54   0x20  Data  Gb  Message.o [1]
M15                     0x08002d74    0xc  Data  Gb  Message.o [1]
M16                     0x08002d80   0x1c  Data  Gb  Message.o [1]
M17                     0x08002d9c   0x18  Data  Gb  Message.o [1]
MatrixAsciiCode         0x080073f4  0x164  Data  Gb  seven_tab.o [1]
MessageL                0x08002aa4   0x14  Data  Gb  Message.o [1]
NMI_Handler             0x08007559    0x2  Code  Gb  stm32f0xx_it.o [1]
NVIC_Init               0x08005691   0x44  Code  Gb  stm32f0xx_misc.o [1]
NunberCode_0            0x080037e4   0x10  Data  Gb  seven_tab.o [1]
P01                     0x08002db4    0x4  Data  Gb  Message.o [1]
P02                     0x08002db8    0x4  Data  Gb  Message.o [1]
P03                     0x08002dbc    0x4  Data  Gb  Message.o [1]
P04                     0x08002dc0    0x8  Data  Gb  Message.o [1]
P05                     0x08002dc8    0x4  Data  Gb  Message.o [1]
P06                     0x08002dcc    0x4  Data  Gb  Message.o [1]
P07                     0x08002dd0    0x4  Data  Gb  Message.o [1]
P08                     0x08002dd4    0x4  Data  Gb  Message.o [1]
PWR_EnterSTOPMode       0x08005a45   0x2c  Code  Gb  stm32f0xx_pwr.o [1]
PendSV_Handler          0x0800755f    0x2  Code  Gb  stm32f0xx_it.o [1]
PictureL                0x08002b54    0x8  Data  Gb  Message.o [1]
RCC_AHBPeriphClockCmd   0x080038b3   0x14  Code  Gb  stm32f0xx_rcc.o [1]
RCC_APB1PeriphClockCmd  0x080038db   0x14  Code  Gb  stm32f0xx_rcc.o [1]
RCC_APB1PeriphResetCmd  0x08003903   0x14  Code  Gb  stm32f0xx_rcc.o [1]
RCC_APB2PeriphClockCmd  0x080038c7   0x14  Code  Gb  stm32f0xx_rcc.o [1]
RCC_APB2PeriphResetCmd  0x080038ef   0x14  Code  Gb  stm32f0xx_rcc.o [1]
RCC_GetClocksFreq       0x080037f5   0xbe  Code  Gb  stm32f0xx_rcc.o [1]
R_Age                   0x20000185    0x1  Data  Gb  RAM.o [1]
R_BzCnt                 0x20000198    0x1  Data  Gb  RAM.o [1]
R_BzControlCnt          0x2000019a    0x1  Data  Gb  RAM.o [1]
R_BzWait                0x20000199    0x1  Data  Gb  RAM.o [1]
R_Calorie               0x200000fc    0x4  Data  Gb  RAM.o [1]
R_CholeIncSpdMode       0x2000018f    0x1  Data  Gb  RAM.o [1]
R_ClearTotal_TimeDis    0x200001c8    0x1  Data  Gb  RAM.o [1]
R_CountDownCnt          0x20000190    0x1  Data  Gb  RAM.o [1]
R_DisplayCnt            0x20000176    0x1  Data  Gb  RAM.o [1]
R_Dist0                 0x2000017d    0x1  Data  Gb  RAM.o [1]
R_Dist1                 0x2000017e    0x1  Data  Gb  RAM.o [1]
R_Distance              0x20000100    0x4  Data  Gb  RAM.o [1]
R_EeSaveTime            0x200001c7    0x1  Data  Gb  RAM.o [1]
R_EngFlashCnt           0x2000015c    0x4  Data  Gb  RAM.o [1]
R_ErrData               0x2000018d    0x1  Data  Gb  RAM.o [1]
R_HeartPluseWidth       0x200001b6    0x1  Data  Gb  RAM.o [1]
R_Heart_W_PluseWidth    0x200001bb    0x1  Data  Gb  RAM.o [1]
R_HrcNoPulse            0x200001c4    0x1  Data  Gb  RAM.o [1]
R_HrcSpdIncTime         0x200001c3    0x1  Data  Gb  RAM.o [1]
R_IdleTime              0x200000f4    0x4  Data  Gb  RAM.o [1]
R_IncAutoAd             0x200001a4    0x1  Data  Gb  RAM.o [1]
R_IncAutoCnt            0x200001a7    0x1  Data  Gb  RAM.o [1]
R_IncAutoTemp1          0x200001a2    0x1  Data  Gb  RAM.o [1]
R_IncAutoTemp2          0x200001a3    0x1  Data  Gb  RAM.o [1]
R_IncAutoTime           0x200001a6    0x1  Data  Gb  RAM.o [1]
R_IncBuf                0x200001af    0x1  Data  Gb  RAM.o [1]
R_IncCarryAd            0x2000019f    0x1  Data  Gb  RAM.o [1]
R_IncErrAd              0x200001a5    0x1  Data  Gb  RAM.o [1]
R_IncErrTime            0x20000130    0x4  Data  Gb  RAM.o [1]
R_IncMax                0x200001b0    0x1  Data  Gb  RAM.o [1]
R_IncMaxAd              0x2000019d    0x1  Data  Gb  RAM.o [1]
R_IncMinAd              0x2000019e    0x1  Data  Gb  RAM.o [1]
R_IncNum                0x200001ae    0x1  Data  Gb  RAM.o [1]
R_IncNumAd              0x200001b1    0x1  Data  Gb  RAM.o [1]
R_IncNumAdBuf           0x2000019b    0x1  Data  Gb  RAM.o [1]
R_IncNumDetect          0x2000019c    0x1  Data  Gb  RAM.o [1]
R_IncStartCnt           0x200001a1    0x1  Data  Gb  RAM.o [1]
R_KcalBye1              0x20000108    0x4  Data  Gb  RAM.o [1]
R_KeyTest               0x200001c2    0x1  Data  Gb  RAM.o [1]
R_Laps                  0x20000180    0x1  Data  Gb  RAM.o [1]
R_LapsDis               0x20000110    0x4  Data  Gb  RAM.o [1]
R_LedScanAdr            0x20000179    0x1  Data  Gb  RAM.o [1]
R_LedSeg                0x20000177    0x1  Data  Gb  RAM.o [1]
R_LedSegBuf             0x20000178    0x1  Data  Gb  RAM.o [1]
R_LongFastKeyCnt        0x20000196    0x1  Data  Gb  RAM.o [1]
R_LongKeyStopBz         0x20000197    0x1  Data  Gb  RAM.o [1]
R_LowSpeedCntDelay      0x200001c1    0x1  Data  Gb  RAM.o [1]
R_MileDisCount          0x20000104    0x4  Data  Gb  RAM.o [1]
R_Mode                  0x20000189    0x1  Data  Gb  RAM.o [1]
R_NoKeyCnt              0x20000195    0x1  Data  Gb  RAM.o [1]
R_PluOld                0x200001b4    0x1  Data  Gb  RAM.o [1]
R_Pluse                 0x200001b3    0x1  Data  Gb  RAM.o [1]
R_PluseTemp             0x200001b2    0x1  Data  Gb  RAM.o [1]
R_Plusecount            0x20000138    0x4  Data  Gb  RAM.o [1]
R_PorgMode              0x2000018b    0x1  Data  Gb  RAM.o [1]
R_ProgAdr               0x20000184    0x1  Data  Gb  RAM.o [1]
R_ProgTime              0x20000118    0x4  Data  Gb  RAM.o [1]
R_ProgTimeBase          0x20000114    0x4  Data  Gb  RAM.o [1]
R_ProgramIndex          0x20000183    0x1  Data  Gb  RAM.o [1]
R_PwmLowSpeed           0x200001bf    0x1  Data  Gb  RAM.o [1]
R_RelayWaitTime         0x200001a0    0x1  Data  Gb  RAM.o [1]
R_Safety                0x200001bd    0x1  Data  Gb  RAM.o [1]
R_SaveIncProg           0x200000a8   0x20  Data  Gb  RAM.o [1]
R_SaveSpeedProg         0x20000088   0x20  Data  Gb  RAM.o [1]
R_ScanKey               0x20000128    0x4  Data  Gb  RAM.o [1]
R_ScanKeyBuf            0x2000012c    0x4  Data  Gb  RAM.o [1]
R_Seg                   0x20000010   0x38  Data  Gb  RAM.o [1]
R_SetModeFlashCnt       0x20000174    0x1  Data  Gb  RAM.o [1]
R_SetModeFlashCntTemp   0x20000175    0x1  Data  Gb  RAM.o [1]
R_SetModeWait           0x20000173    0x1  Data  Gb  RAM.o [1]
R_ShowIncProg           0x20000068   0x20  Data  Gb  RAM.o [1]
R_ShowSpeedProg         0x20000048   0x20  Data  Gb  RAM.o [1]
R_SleepTime             0x200000f8    0x4  Data  Gb  RAM.o [1]
R_SpdFbTime             0x20000150    0x4  Data  Gb  RAM.o [1]
R_SpdFbTimeEnd          0x2000016c    0x4  Data  Gb  RAM.o [1]
R_SpeedAutoCnt          0x200001c0    0x1  Data  Gb  RAM.o [1]
R_SpeedBuf              0x200001a9    0x1  Data  Gb  RAM.o [1]
R_SpeedCnt              0x20000148    0x4  Data  Gb  RAM.o [1]
R_SpeedCntBuf           0x2000014c    0x4  Data  Gb  RAM.o [1]
R_SpeedDetectTime       0x200001be    0x1  Data  Gb  RAM.o [1]
R_SpeedErrTime          0x200001aa    0x1  Data  Gb  RAM.o [1]
R_SpeedMax              0x200001ab    0x1  Data  Gb  RAM.o [1]
R_SpeedMin              0x200001ac    0x1  Data  Gb  RAM.o [1]
R_SpeedNum              0x200001a8    0x1  Data  Gb  RAM.o [1]
R_SpeedPwmCnt           0x20000154    0x4  Data  Gb  RAM.o [1]
R_SpeedPwmCntSave       0x20000158    0x4  Data  Gb  RAM.o [1]
R_SportMode             0x2000018a    0x1  Data  Gb  RAM.o [1]
R_StringChangeTime      0x20000187    0x1  Data  Gb  RAM.o [1]
R_StringMax             0x20000120    0x4  Data  Gb  RAM.o [1]
R_StringMoveTime        0x20000186    0x1  Data  Gb  RAM.o [1]
R_StringStartAdr        0x20000124    0x4  Data  Gb  RAM.o [1]
R_SysMode               0x20000188    0x1  Data  Gb  RAM.o [1]
R_SysStartTime          0x2000018e    0x1  Data  Gb  RAM.o [1]
R_TargetSpd             0x200001ad    0x1  Data  Gb  RAM.o [1]
R_Thr                   0x200001c5    0x1  Data  Gb  RAM.o [1]
R_ThrBuf                0x200001c6    0x1  Data  Gb  RAM.o [1]
R_Time10msBase          0x200000db    0x1  Data  Gb  RAM.o [1]
R_TimeBase              0x200000da    0x1  Data  Gb  RAM.o [1]
R_TimeH                 0x2000017a    0x1  Data  Gb  RAM.o [1]
R_TimeHBuf              0x2000017c    0x1  Data  Gb  RAM.o [1]
R_TimeL                 0x2000017b    0x1  Data  Gb  RAM.o [1]
R_TotalDis              0x20000164    0x4  Data  Gb  RAM.o [1]
R_TotalLube             0x20000168    0x4  Data  Gb  RAM.o [1]
R_TotalTime             0x20000160    0x4  Data  Gb  RAM.o [1]
R_TrackCnt              0x2000017f    0x1  Data  Gb  RAM.o [1]
R_TrackDis              0x2000010c    0x4  Data  Gb  RAM.o [1]
R_User_SetInc           0x20000182    0x1  Data  Gb  RAM.o [1]
R_User_SetSpeed         0x20000181    0x1  Data  Gb  RAM.o [1]
R_W_DelayTime           0x200001bc    0x1  Data  Gb  RAM.o [1]
R_W_PluOld              0x200001b9    0x1  Data  Gb  RAM.o [1]
R_W_Pluse               0x200001b8    0x1  Data  Gb  RAM.o [1]
R_W_PluseTemp           0x200001b7    0x1  Data  Gb  RAM.o [1]
R_W_Plusecount          0x20000140    0x4  Data  Gb  RAM.o [1]
R_W_pluseIndex          0x200001ba    0x1  Data  Gb  RAM.o [1]
R_W_pubf                0x20000144    0x4  Data  Gb  RAM.o [1]
R_WarkUpCoolDownMode    0x2000018c    0x1  Data  Gb  RAM.o [1]
R_Weight                0x2000011c    0x4  Data  Gb  RAM.o [1]
R_WheelSize             0x20000134    0x4  Data  Gb  RAM.o [1]
R_pluseIndex            0x200001b5    0x1  Data  Gb  RAM.o [1]
R_pubf                  0x2000013c    0x4  Data  Gb  RAM.o [1]
Region$$Table$$Base     0x0800778c          --   Gb  - Linker created -
Region$$Table$$Limit    0x080077b0          --   Gb  - Linker created -
SDAInput_InitStructure  0x200000d0    0x8  Data  Gb  I2c.o [1]
SDAOutput_InitStructure
                        0x200000c8    0x8  Data  Gb  I2c.o [1]
SVC_Handler             0x0800755d    0x2  Code  Gb  stm32f0xx_it.o [1]
SYSCFG_EXTILineConfig   0x080055b1   0x24  Code  Gb  stm32f0xx_syscfg.o [1]
ShowIncSpdPorgLed       0x08002079   0x24  Code  Gb  Display_sub.o [1]
SysTick_Handler         0x08007561   0x46  Code  Gb  stm32f0xx_it.o [1]
SystemInit              0x0800764d   0xcc  Code  Gb  system_stm32f0xx.o [1]
TIM_Cmd                 0x08007217   0x14  Code  Gb  stm32f0xx_tim.o [1]
TIM_DeInit              0x08007115   0x98  Code  Gb  stm32f0xx_tim.o [1]
TIM_OCStructInit        0x08007251   0x14  Code  Gb  stm32f0xx_tim.o [1]
TIM_SelectOutputTrigger
                        0x08007269   0x10  Code  Gb  stm32f0xx_tim.o [1]
TIM_TimeBaseInit        0x080071ad   0x58  Code  Gb  stm32f0xx_tim.o [1]
TIM_TimeBaseStructInit  0x08007205   0x12  Code  Gb  stm32f0xx_tim.o [1]
T_CoolDownSpeedTabe     0x08004788    0x4  Data  Gb  ProgSportMode.o [1]
T_ProgInc               0x08004660   0x98  Data  Gb  ProgSportMode.o [1]
T_ProgSpeed             0x080045c8   0x98  Data  Gb  ProgSportMode.o [1]
T_TrackRam              0x08007374   0x80  Data  Gb  seven_tab.o [1]
T_WarkUpSpeedTabe       0x08004784    0x4  Data  Gb  ProgSportMode.o [1]
__ICFEDIT_region_RAM_end__ {Abs}
                        0x20001fff          --   Gb  command line/config [2]
__ICFEDIT_region_RAM_start__ {Abs}
                        0x20000000          --   Gb  command line/config [2]
__aeabi_d2f             0x08004ca7         Code  Gb  DblToFlt.o [4]
__aeabi_dmul            0x08004b23         Code  Gb  DblMul.o [4]
__aeabi_f2d             0x08004af1         Code  Gb  FltToDbl.o [4]
__aeabi_f2iz            0x080070d9         Code  Gb  FltToS32.o [4]
__aeabi_f2uiz           0x08004d09         Code  Gb  FltToU32.o [4]
__aeabi_fmul            0x08007025         Code  Gb  FltMul.o [4]
__aeabi_idiv            0x08002e05         Code  Gb  I32DivModFast.o [5]
__aeabi_idiv0           0x08003ef1         Code  Gb  IntDivZer.o [5]
__aeabi_idivmod         0x08002e05         Code  Gb  I32DivModFast.o [5]
__aeabi_memclr4         0x08003a3d         Code  Gb  ABImemset.o [5]
__aeabi_memclr8         0x08003a3d         Code  Gb  ABImemset.o [5]
__aeabi_memset          0x080039ed         Code  Gb  ABImemset.o [5]
__aeabi_ui2f            0x08004ad1         Code  Gb  I32ToFlt.o [4]
__aeabi_uidiv           0x08002e0b         Code  Gb  I32DivModFast.o [5]
__aeabi_uidivmod        0x08002e0b         Code  Gb  I32DivModFast.o [5]
__cmain                 0x080077b1         Code  Gb  cmain.o [5]
__exit                  0x080077e5   0x14  Code  Gb  exit.o [6]
__iar_Memset4_word      0x08003a0d         Code  Gb  ABImemset.o [5]
__iar_Memset_word       0x080039f9         Code  Gb  ABImemset.o [5]
__iar_copy_init3        0x08007735   0x30  Code  Gb  copy_init3.o [5]
__iar_data_init3        0x08007765   0x28  Code  Gb  data_init.o [5]
__iar_program_start     0x08007809         Code  Gb  cstartup_M.o [5]
__iar_ui2f              0x08004ad5         Code  Gb  I32ToFlt.o [4]
__iar_zero_init3        0x080039c3   0x2a  Code  Gb  zero_init3.o [5]
__low_level_init        0x080077cb    0x4  Code  Gb  low_level_init.o [3]
__vector_table          0x08000000         Data  Gb  startup_stm32f0xx.o [1]
_call_main              0x080077bd         Code  Gb  cmain.o [5]
_exit                   0x080077d9         Code  Gb  cexit.o [5]
_main                   0x080077c7         Code  Gb  cmain.o [5]
exit                    0x080077cf    0x8  Code  Gb  exit.o [3]
main                    0x08003d69   0xcc  Code  Gb  main.o [1]


[1] = D:\GitHub\Project_2121034\Debug\Obj
[2] = command line
[3] = dl6M_tln.a
[4] = m6M_tl.a
[5] = rt6M_tl.a
[6] = shb_l.a

  30 260 bytes of readonly  code memory
     536 bytes of readonly  data memory
   2 505 bytes of readwrite data memory

Errors: none
Warnings: none
